../Core/Src/main.c:135:5:main	8	static
../Core/Src/main.c:237:6:SystemClock_Config	120	static
../Core/Src/main.c:296:6:PeriphCommonClock_Config	200	static
../Core/Src/main.c:323:13:MX_ADC1_Init	48	static
../Core/Src/main.c:392:13:MX_ADC2_Init	40	static
../Core/Src/main.c:452:13:MX_ADC3_Init	40	static
../Core/Src/main.c:512:13:MX_ETH_Init	8	static
../Core/Src/main.c:561:13:MX_I2C4_Init	8	static
../Core/Src/main.c:609:13:MX_SPI4_Init	8	static
../Core/Src/main.c:657:13:MX_TIM1_Init	40	static
../Core/Src/main.c:711:13:MX_TIM2_Init	48	static
../Core/Src/main.c:760:13:MX_TIM3_Init	48	static
../Core/Src/main.c:813:13:MX_TIM4_Init	48	static
../Core/Src/main.c:874:13:MX_TIM8_Init	40	static
../Core/Src/main.c:936:13:MX_TIM17_Init	8	static
../Core/Src/main.c:968:13:MX_UART4_Init	8	static
../Core/Src/main.c:1016:13:MX_UART5_Init	8	static
../Core/Src/main.c:1064:13:MX_UART8_Init	8	static
../Core/Src/main.c:1112:13:MX_USART2_UART_Init	8	static
../Core/Src/main.c:1160:13:MX_GPIO_Init	64	static
../Core/Src/main.c:1243:6:StartDefaultTask	16	static
../Core/Src/main.c:1261:6:MPU_Config	24	static
../Core/Src/main.c:1292:6:Error_Handler	4	static,ignoring_inline_asm
