../Core/Src/stm32h7xx_hal_msp.c:65:6:HAL_MspInit	16	static
../Core/Src/stm32h7xx_hal_msp.c:91:6:HAL_ADC_MspInit	80	static
../Core/Src/stm32h7xx_hal_msp.c:221:6:HAL_ADC_MspDeInit	16	static
../Core/Src/stm32h7xx_hal_msp.c:318:6:HAL_ETH_MspInit	64	static
../Core/Src/stm32h7xx_hal_msp.c:388:6:HAL_ETH_MspDeInit	16	static
../Core/Src/stm32h7xx_hal_msp.c:432:6:HAL_I2C_MspInit	240	static
../Core/Src/stm32h7xx_hal_msp.c:479:6:HAL_I2C_MspDeInit	16	static
../Core/Src/stm32h7xx_hal_msp.c:510:6:HAL_SPI_MspInit	240	static
../Core/Src/stm32h7xx_hal_msp.c:559:6:HAL_SPI_MspDeInit	16	static
../Core/Src/stm32h7xx_hal_msp.c:589:6:HAL_TIM_IC_MspInit	56	static
../Core/Src/stm32h7xx_hal_msp.c:651:6:HAL_TIM_PWM_MspInit	32	static
../Core/Src/stm32h7xx_hal_msp.c:695:6:HAL_TIM_Base_MspInit	24	static
../Core/Src/stm32h7xx_hal_msp.c:712:6:HAL_TIM_MspPostInit	48	static
../Core/Src/stm32h7xx_hal_msp.c:789:6:HAL_TIM_IC_MspDeInit	16	static
../Core/Src/stm32h7xx_hal_msp.c:838:6:HAL_TIM_PWM_MspDeInit	16	static
../Core/Src/stm32h7xx_hal_msp.c:882:6:HAL_TIM_Base_MspDeInit	16	static
../Core/Src/stm32h7xx_hal_msp.c:904:6:HAL_UART_MspInit	272	static
../Core/Src/stm32h7xx_hal_msp.c:1070:6:HAL_UART_MspDeInit	16	static
