19:00:20 **** Incremental Build of configuration Debug for project Cain_V1.0 ****
make -j12 all 
arm-none-eabi-gcc "../Core/Src/main.c" -mcpu=cortex-m3 -std=gnu11 -g3 -DDEBUG -DUSE_HAL_DRIVER -DSTM32F105xC -c -I../Core/Inc -I../Drivers/STM32F1xx_HAL_Driver/Inc/Legacy -I../Drivers/STM32F1xx_HAL_Driver/Inc -I../Drivers/CMSIS/Device/ST/STM32F1xx/Include -I../Drivers/CMSIS/Include -O0 -ffunction-sections -fdata-sections -Wall -fstack-usage -fcyclomatic-complexity -MMD -MP -MF"Core/Src/main.d" -MT"Core/Src/main.o" --specs=nano.specs -mfloat-abi=soft -mthumb -o "Core/Src/main.o"
arm-none-eabi-gcc -o "Cain_V1.0.elf" @"objects.list"   -mcpu=cortex-m3 -T"C:\Users\tutor\Documents\GitHub\electrical\PCB_Firmware\Cain\Cain_V1.0\STM32F105RBTX_FLASH.ld" --specs=nosys.specs -Wl,-Map="Cain_V1.0.map" -Wl,--gc-sections -static --specs=nano.specs -mfloat-abi=soft -mthumb -Wl,--start-group -lc -lm -Wl,--end-group
Finished building target: Cain_V1.0.elf
 
arm-none-eabi-size  Cain_V1.0.elf 
arm-none-eabi-objdump -h -S Cain_V1.0.elf  > "Cain_V1.0.list"
   text	   data	    bss	    dec	    hex	filename
  14684	     12	   1956	  16652	   410c	Cain_V1.0.elf
Finished building: default.size.stdout
 
Finished building: Cain_V1.0.list
 

19:00:22 Build Finished. 0 errors, 0 warnings. (took 2s.534ms)

